≡ƒº¬ Starting Broadcast Verification Test
Γ£à Database connected successfully
prisma:query BEGIN
prisma:query SELECT "public"."Category"."id" FROM "public"."Category" WHERE ("public"."Category"."name" = $1 AND 1=1) OFFSET $2
prisma:query SELECT "public"."Category"."id", "public"."Category"."name" FROM "public"."Category" WHERE ("public"."Category"."id" = $1 AND ("public"."Category"."name" = $2 AND 1=1)) LIMIT $3 OFFSET $4
prisma:query SELECT "public"."Category"."id", "public"."Category"."name" FROM "public"."Category" WHERE "public"."Category"."id" = $1 LIMIT $2 OFFSET $3
prisma:query COMMIT
prisma:query INSERT INTO "public"."Product" ("id","name","categoryId","unit","fixedPrice","isActive") VALUES ($1,$2,$3,$4,$5,$6) RETURNING "public"."Product"."id", "public"."Product"."name", "public"."Product"."categoryId", "public"."Product"."unit", "public"."Product"."fixedPrice", "public"."Product"."isActive"
prisma:query INSERT INTO "public"."Retailer" ("id","pasalName","phoneNumber","status","latitude","longitude","creditStatus","createdAt","updatedAt") VALUES ($1,$2,$3,$4,$5,$6,$7,$8,$9) RETURNING "public"."Retailer"."id", "public"."Retailer"."pasalName", "public"."Retailer"."ownerName", "public"."Retailer"."phoneNumber", "public"."Retailer"."status", "public"."Retailer"."city", "public"."Retailer"."address", "public"."Retailer"."latitude", "public"."Retailer"."longitude", "public"."Retailer"."conversationState", "public"."Retailer"."creditStatus", "public"."Retailer"."creditPausedAt", "public"."Retailer"."creditPauseReason", "public"."Retailer"."createdAt", "public"."Retailer"."updatedAt"
prisma:query INSERT INTO "public"."Wholesaler" ("id","businessName","ownerName","phoneNumber","whatsappNumber","businessAddress","city","state","pincode","latitude","longitude","reliabilityScore","totalOrders","completedOrders","cancelledOrders","averageRating","totalRevenue","isActive","isVerified","capacity","currentOrders","categories","deliveryRadius","minimumOrder","deliveryCharges","operatingHours","createdAt","updatedAt") VALUES ($1,$2,$3,$4,$5,$6,$7,$8,$9,$10,$11,$12,$13,$14,$15,$16,$17,$18,$19,$20,$21,$22,$23,$24,$25,$26,$27,$28) RETURNING "public"."Wholesaler"."id", "public"."Wholesaler"."businessName", "public"."Wholesaler"."ownerName", "public"."Wholesaler"."phoneNumber", "public"."Wholesaler"."whatsappNumber", "public"."Wholesaler"."email", "public"."Wholesaler"."gstNumber", "public"."Wholesaler"."businessAddress", "public"."Wholesaler"."city", "public"."Wholesaler"."state", "public"."Wholesaler"."pincode", "public"."Wholesaler"."latitude", "public"."Wholesaler"."longitude", "public"."Wholesaler"."reliabilityScore", "public"."Wholesaler"."totalOrders", "public"."Wholesaler"."completedOrders", "public"."Wholesaler"."cancelledOrders", "public"."Wholesaler"."averageRating", "public"."Wholesaler"."totalRevenue", "public"."Wholesaler"."isActive", "public"."Wholesaler"."isVerified", "public"."Wholesaler"."capacity", "public"."Wholesaler"."currentOrders", "public"."Wholesaler"."categories", "public"."Wholesaler"."deliveryRadius", "public"."Wholesaler"."minimumOrder", "public"."Wholesaler"."deliveryCharges", "public"."Wholesaler"."operatingHours", "public"."Wholesaler"."createdAt", "public"."Wholesaler"."updatedAt"
prisma:query INSERT INTO "public"."WholesalerProduct" ("id","wholesalerId","productId","priceOffered","stock","minOrderQuantity","leadTime","isAvailable","reservedStock","createdAt","updatedAt") VALUES ($1,$2,$3,$4,$5,$6,$7,$8,$9,$10,$11) RETURNING "public"."WholesalerProduct"."id", "public"."WholesalerProduct"."wholesalerId", "public"."WholesalerProduct"."productId", "public"."WholesalerProduct"."priceOffered", "public"."WholesalerProduct"."stock", "public"."WholesalerProduct"."minOrderQuantity", "public"."WholesalerProduct"."leadTime", "public"."WholesalerProduct"."isAvailable", "public"."WholesalerProduct"."reservedStock", "public"."WholesalerProduct"."createdAt", "public"."WholesalerProduct"."updatedAt"
prisma:query BEGIN
prisma:query INSERT INTO "public"."Order" ("id","retailerId","totalAmount","paymentMode","status","createdAt","updatedAt") VALUES ($1,$2,$3,$4,$5,$6,$7) RETURNING "public"."Order"."id"
prisma:query INSERT INTO "public"."OrderItem" ("id","orderId","productId","quantity","priceAtOrder") VALUES ($1,$2,$3,$4,$5) RETURNING "public"."OrderItem"."id"
prisma:query SELECT "public"."Order"."id", "public"."Order"."retailerId", "public"."Order"."wholesalerId", "public"."Order"."totalAmount", "public"."Order"."paymentMode", "public"."Order"."status", "public"."Order"."final_wholesaler_id", "public"."Order"."expires_at", "public"."Order"."confirmedAt", "public"."Order"."deliveredAt", "public"."Order"."failedAt", "public"."Order"."failureReason", "public"."Order"."createdAt", "public"."Order"."updatedAt" FROM "public"."Order" WHERE "public"."Order"."id" = $1 LIMIT $2 OFFSET $3
prisma:query COMMIT
Γ£à Test data setup complete. Order ID: cmkg9cgrj0008cpy4wnton8zv
≡ƒôí Calling broadcastOrder...
prisma:query SELECT "public"."Order"."id", "public"."Order"."retailerId", "public"."Order"."wholesalerId", "public"."Order"."totalAmount", "public"."Order"."paymentMode", "public"."Order"."status", "public"."Order"."final_wholesaler_id", "public"."Order"."expires_at", "public"."Order"."confirmedAt", "public"."Order"."deliveredAt", "public"."Order"."failedAt", "public"."Order"."failureReason", "public"."Order"."createdAt", "public"."Order"."updatedAt" FROM "public"."Order" WHERE ("public"."Order"."id" = $1 AND 1=1) LIMIT $2 OFFSET $3
prisma:query SELECT "public"."OrderItem"."id", "public"."OrderItem"."orderId", "public"."OrderItem"."productId", "public"."OrderItem"."quantity", "public"."OrderItem"."priceAtOrder" FROM "public"."OrderItem" WHERE "public"."OrderItem"."orderId" IN ($1) OFFSET $2
prisma:query SELECT "public"."Retailer"."id", "public"."Retailer"."pasalName", "public"."Retailer"."ownerName", "public"."Retailer"."phoneNumber", "public"."Retailer"."status", "public"."Retailer"."city", "public"."Retailer"."address", "public"."Retailer"."latitude", "public"."Retailer"."longitude", "public"."Retailer"."conversationState", "public"."Retailer"."creditStatus", "public"."Retailer"."creditPausedAt", "public"."Retailer"."creditPauseReason", "public"."Retailer"."createdAt", "public"."Retailer"."updatedAt" FROM "public"."Retailer" WHERE "public"."Retailer"."id" IN ($1) OFFSET $2
prisma:query UPDATE "public"."Order" SET "expires_at" = $1, "status" = $2, "updatedAt" = $3 WHERE ("public"."Order"."id" = $4 AND 1=1) RETURNING "public"."Order"."id", "public"."Order"."retailerId", "public"."Order"."wholesalerId", "public"."Order"."totalAmount", "public"."Order"."paymentMode", "public"."Order"."status", "public"."Order"."final_wholesaler_id", "public"."Order"."expires_at", "public"."Order"."confirmedAt", "public"."Order"."deliveredAt", "public"."Order"."failedAt", "public"."Order"."failureReason", "public"."Order"."createdAt", "public"."Order"."updatedAt"
prisma:query SELECT "public"."Wholesaler"."id", "public"."Wholesaler"."businessName", "public"."Wholesaler"."ownerName", "public"."Wholesaler"."phoneNumber", "public"."Wholesaler"."whatsappNumber", "public"."Wholesaler"."email", "public"."Wholesaler"."gstNumber", "public"."Wholesaler"."businessAddress", "public"."Wholesaler"."city", "public"."Wholesaler"."state", "public"."Wholesaler"."pincode", "public"."Wholesaler"."latitude", "public"."Wholesaler"."longitude", "public"."Wholesaler"."reliabilityScore", "public"."Wholesaler"."totalOrders", "public"."Wholesaler"."completedOrders", "public"."Wholesaler"."cancelledOrders", "public"."Wholesaler"."averageRating", "public"."Wholesaler"."totalRevenue", "public"."Wholesaler"."isActive", "public"."Wholesaler"."isVerified", "public"."Wholesaler"."capacity", "public"."Wholesaler"."currentOrders", "public"."Wholesaler"."categories", "public"."Wholesaler"."deliveryRadius", "public"."Wholesaler"."minimumOrder", "public"."Wholesaler"."deliveryCharges", "public"."Wholesaler"."operatingHours", "public"."Wholesaler"."createdAt", "public"."Wholesaler"."updatedAt" FROM "public"."Wholesaler" WHERE ("public"."Wholesaler"."isActive" = $1 AND ("public"."Wholesaler"."id") IN (SELECT "t1"."wholesalerId" FROM "public"."WholesalerProduct" AS "t1" WHERE ("t1"."productId" IN ($2) AND "t1"."isAvailable" = $3 AND "t1"."stock" > $4 AND "t1"."wholesalerId" IS NOT NULL))) OFFSET $5
prisma:query SELECT "public"."WholesalerProduct"."id", "public"."WholesalerProduct"."wholesalerId", "public"."WholesalerProduct"."productId", "public"."WholesalerProduct"."priceOffered", "public"."WholesalerProduct"."stock", "public"."WholesalerProduct"."minOrderQuantity", "public"."WholesalerProduct"."leadTime", "public"."WholesalerProduct"."isAvailable", "public"."WholesalerProduct"."reservedStock", "public"."WholesalerProduct"."createdAt", "public"."WholesalerProduct"."updatedAt" FROM "public"."WholesalerProduct" WHERE (("public"."WholesalerProduct"."productId" IN ($1) AND "public"."WholesalerProduct"."isAvailable" = $2 AND "public"."WholesalerProduct"."stock" > $3) AND "public"."WholesalerProduct"."wholesalerId" IN ($4)) OFFSET $5
node : Failed to send 
broadcast to wholesaler 
cmkg9cfpe0004cpy4q6n6h0bb: 
TypeError: logger.error is 
not a function
At line:1 char:1
+ node verify-broadcast.js > 
test_output.txt 2>&1
+ ~~~~~~~~~~~~~~~~~~~~~~~~~~~~
~~~~~~~~~~~~~~~~~~~
    + CategoryInfo          : 
    NotSpecified: (Failed to  
   send ... not a function:   
 String) [], RemoteExcepti    
on
    + FullyQualifiedErrorId : 
    NativeCommandError
 
    at sendWhatsAppMessage (C:
\Users\QCS\Desktop\whatsapp-or
dering-system\backend\src\serv
ices\whatsapp.service.js:33:14
)
    at process.processTicksAnd
Rejections (node:internal/proc
ess/task_queues:103:5)
    at async broadcastOrder (C
:\Users\QCS\Desktop\whatsapp-o
rdering-system\backend\src\ser
vices\broadcast.service.js:55:
7)
    at async verifyBroadcast (
C:\Users\QCS\Desktop\whatsapp-
ordering-system\backend\verify
-broadcast.js:84:24)
≡ƒÜÇ Broadcast complete for Order cmkg9cgrj0008cpy4wnton8zv. Sent to 0 wholesalers.
≡ƒôè Broadcast Result: {
  "orderId": "cmkg9cgrj0008cpy4wnton8zv",
  "expires_at": "2026-01-16T02:41:57.757Z",
  "eligibleCount": 1,
  "sentCount": 0,
  "results": [
    {
      "wholesalerId": "cmkg9cfpe0004cpy4q6n6h0bb",
      "success": false,
      "error": "logger.error is not a function"
    }
  ]
}
prisma:query SELECT "public"."Order"."id", "public"."Order"."retailerId", "public"."Order"."wholesalerId", "public"."Order"."totalAmount", "public"."Order"."paymentMode", "public"."Order"."status", "public"."Order"."final_wholesaler_id", "public"."Order"."expires_at", "public"."Order"."confirmedAt", "public"."Order"."deliveredAt", "public"."Order"."failedAt", "public"."Order"."failureReason", "public"."Order"."createdAt", "public"."Order"."updatedAt" FROM "public"."Order" WHERE ("public"."Order"."id" = $1 AND 1=1) LIMIT $2 OFFSET $3
Γ£à Order expires_at is set: 2026-01-16T02:41:57.757Z
Γ¥î No messages sent. Check 
eligibility logic.
Γ£à Order status updated to PENDING_BIDS
Checking why no wholesalers were eligible...
prisma:query SELECT "public"."Order"."id", "public"."Order"."retailerId", "public"."Order"."wholesalerId", "public"."Order"."totalAmount", "public"."Order"."paymentMode", "public"."Order"."status", "public"."Order"."final_wholesaler_id", "public"."Order"."expires_at", "public"."Order"."confirmedAt", "public"."Order"."deliveredAt", "public"."Order"."failedAt", "public"."Order"."failureReason", "public"."Order"."createdAt", "public"."Order"."updatedAt" FROM "public"."Order" WHERE ("public"."Order"."id" = $1 AND 1=1) LIMIT $2 OFFSET $3
prisma:query SELECT "public"."OrderItem"."id", "public"."OrderItem"."orderId", "public"."OrderItem"."productId", "public"."OrderItem"."quantity", "public"."OrderItem"."priceAtOrder" FROM "public"."OrderItem" WHERE "public"."OrderItem"."orderId" IN ($1) OFFSET $2
prisma:query SELECT "public"."Retailer"."id", "public"."Retailer"."pasalName", "public"."Retailer"."ownerName", "public"."Retailer"."phoneNumber", "public"."Retailer"."status", "public"."Retailer"."city", "public"."Retailer"."address", "public"."Retailer"."latitude", "public"."Retailer"."longitude", "public"."Retailer"."conversationState", "public"."Retailer"."creditStatus", "public"."Retailer"."creditPausedAt", "public"."Retailer"."creditPauseReason", "public"."Retailer"."createdAt", "public"."Retailer"."updatedAt" FROM "public"."Retailer" WHERE "public"."Retailer"."id" IN ($1) OFFSET $2
prisma:query SELECT 1
prisma:query SELECT "public"."Wholesaler"."id", "public"."Wholesaler"."businessName", "public"."Wholesaler"."ownerName", "public"."Wholesaler"."phoneNumber", "public"."Wholesaler"."whatsappNumber", "public"."Wholesaler"."email", "public"."Wholesaler"."gstNumber", "public"."Wholesaler"."businessAddress", "public"."Wholesaler"."city", "public"."Wholesaler"."state", "public"."Wholesaler"."pincode", "public"."Wholesaler"."latitude", "public"."Wholesaler"."longitude", "public"."Wholesaler"."reliabilityScore", "public"."Wholesaler"."totalOrders", "public"."Wholesaler"."completedOrders", "public"."Wholesaler"."cancelledOrders", "public"."Wholesaler"."averageRating", "public"."Wholesaler"."totalRevenue", "public"."Wholesaler"."isActive", "public"."Wholesaler"."isVerified", "public"."Wholesaler"."capacity", "public"."Wholesaler"."currentOrders", "public"."Wholesaler"."categories", "public"."Wholesaler"."deliveryRadius", "public"."Wholesaler"."minimumOrder", "public"."Wholesaler"."deliveryCharges", "public"."Wholesaler"."operatingHours", "public"."Wholesaler"."createdAt", "public"."Wholesaler"."updatedAt" FROM "public"."Wholesaler" WHERE "public"."Wholesaler"."isActive" = $1 OFFSET $2
prisma:query SELECT "public"."WholesalerProduct"."id", "public"."WholesalerProduct"."wholesalerId", "public"."WholesalerProduct"."productId", "public"."WholesalerProduct"."priceOffered", "public"."WholesalerProduct"."stock", "public"."WholesalerProduct"."minOrderQuantity", "public"."WholesalerProduct"."leadTime", "public"."WholesalerProduct"."isAvailable", "public"."WholesalerProduct"."reservedStock", "public"."WholesalerProduct"."createdAt", "public"."WholesalerProduct"."updatedAt" FROM "public"."WholesalerProduct" WHERE "public"."WholesalerProduct"."wholesalerId" IN ($1,$2) OFFSET $3
Total active wholesalers: 2
Wholesaler: Nearby Wholesaler 1768530382343
- Products: 1
- Lat/Lon: 27.718/85.325
Wholesaler: Nearby Wholesaler 1768530412415
- Products: 1
- Lat/Lon: 27.718/85.325
≡ƒÅü Test finished.
